// Jest Snapshot v1, https://goo.gl/fbAQLP

exports[`With Snapshot Testing should match its empty snapshot 1`] = `""`;
