// Jest Snapshot v1, https://goo.gl/fbAQLP

exports[`With Snapshot Testing should match its empty snapshot 1`] = `
<div
  className="container"
>
  <form
    onSubmit={[Function]}
  >
    <h1>
      Register
    </h1>
    <input
      name="username"
      onChange={[Function]}
      placeholder="Email"
      required={true}
      type="email"
      value=""
    />
    <input
      name="password"
      onChange={[Function]}
      placeholder="Password"
      required={true}
      type="password"
      value=""
    />
    <button
      type="submit"
    >
      Register
    </button>
  </form>
</div>
`;
